// 同步 ID: b2895ef2 @ Wed Jul 29 16:32:55 UTC 2026
// 同步 ID: e2047839 @ Wed Jul 29 17:39:57 UTC 2026
// 同步 ID: 54941774 @ Thu Jul 30 10:27:04 UTC 2026
// 同步 ID: e0f76755 @ Thu Jul 30 12:39:42 UTC 2026
// 同步 ID: 23112f10 @ Thu Jul 30 15:12:03 UTC 2026
// 重构日志: 0210a178
// 重构日志: 84570d1d
// 重构日志: 322ce21b
// 同步 ID: c0be097a @ Sat Aug  1 20:38:56 UTC 2026
// 重构日志: 786bf9dd
// 重构日志: 813bf274
// 重构日志: 7507a4ce
// 同步 ID: d7af9fa8 @ Sun Aug  2 12:40:15 UTC 2026
// 同步 ID: cb9bda1a @ Sun Aug  2 12:47:13 UTC 2026
// 重构日志: 2c44bd63
// 重构日志: 313bc374
// 重构日志: c520f37d
// 重构日志: 990c3bea
// 重构日志: 278b4691
// 同步 ID: b007e87d @ Tue Aug  4 07:26:14 UTC 2026
// 同步 ID: 3bf60409 @ Thu Aug  6 01:05:40 UTC 2026
// 同步 ID: 51f1b18d @ Fri Aug  7 07:23:18 UTC 2026
// 同步 ID: a72100a5 @ Fri Aug  7 09:02:05 UTC 2026
// 重构日志: 8d0df350
// 重构日志: ee4311cd
// 重构日志: 09e03b44
// 重构日志: 6180705d
// 重构日志: 8c22ee37
// 重构日志: 6c51a6e4
// 同步 ID: 3a409222 @ Sat Aug  8 10:23:13 UTC 2026
// 重构日志: ddb285cf
